// Jest Snapshot v1, https://goo.gl/fbAQLP

exports[`NationalityItem should take a snapshot 1`] = `
<DocumentFragment>
  <button
    class="hover:bg-light-blue-500 hover:border-transparent hover:shadow-lg group block rounded-lg p-4 border border-gray-200 flex items-center justify-center"
  >
    <div>
      ES
    </div>
  </button>
</DocumentFragment>
`;
